led_display.c:32:6:initTrafficLight0	8	static
led_display.c:37:6:setTrafficGreen0	8	static
led_display.c:42:6:setTrafficRed0	8	static
led_display.c:47:6:setTrafficYellow0	8	static
led_display.c:52:6:initTrafficLight1	8	static
led_display.c:57:6:initTrafficLight2	8	static
led_display.c:61:6:setTrafficGreen1	8	static
led_display.c:65:6:setTrafficGreen2	8	static
led_display.c:70:6:setTrafficRed1	8	static
led_display.c:74:6:setTrafficRed2	8	static
led_display.c:79:6:setTrafficYellow1	8	static
led_display.c:84:6:setTrafficYellow2	8	static
