10:08:40 **** Incremental Build of configuration Debug for project RC ****
make -j12 all 
arm-none-eabi-gcc -o "RC.elf" @"objects.list"   -mcpu=cortex-m3 -T"D:\MCU_LAB\group-assignment\RC\STM32F103C6UX_FLASH.ld" --specs=nosys.specs -Wl,-Map="RC.map" -Wl,--gc-sections -static --specs=nano.specs -mfloat-abi=soft -mthumb -Wl,--start-group -lc -lm -Wl,--end-group
Finished building target: RC.elf
 
arm-none-eabi-size   RC.elf 
arm-none-eabi-objdump -h -S  RC.elf  > "RC.list"
arm-none-eabi-objcopy  -O ihex  RC.elf  "RC.hex"
arm-none-eabi-objcopy  -O binary  RC.elf  "RC.bin"
   text	   data	    bss	    dec	    hex	filename
   4596	     20	   1572	   6188	   182c	RC.elf
Finished building: default.size.stdout
 
Finished building: RC.hex
Finished building: RC.bin
Finished building: RC.list
 
 
 

10:08:40 Build Finished. 0 errors, 0 warnings. (took 408ms)

